// Jest Snapshot v1, https://goo.gl/fbAQLP

exports[`<Wrapper /> should match the snapshot 1`] = `
.c0 {
  display: -webkit-box;
  display: -webkit-flex;
  display: -ms-flexbox;
  display: flex;
  -webkit-box-pack: space-around;
  -webkit-justify-content: space-around;
  -ms-flex-pack: space-around;
  justify-content: space-around;
  background-color: #fff;
  height: 100%;
  position: -webkit-sticky;
  position: sticky;
  top: 0;
}

<nav
  className="c0"
/>
`;
